srun: Job step aborted: Waiting up to 32 seconds for job step to finish.
srun: Job step aborted: Waiting up to 32 seconds for job step to finish.
srun: Job step aborted: Waiting up to 32 seconds for job step to finish.
srun: Job step aborted: Waiting up to 32 seconds for job step to finish.
slurmstepd: error: Detected 1 oom_kill event in StepId=6116815.23. Some of the step tasks have been OOM Killed.
srun: error: compute033: task 0: Out Of Memory
slurmstepd: error: Detected 1 oom_kill event in StepId=6116815.31. Some of the step tasks have been OOM Killed.
srun: error: compute033: task 0: Out Of Memory
srun: Job step aborted: Waiting up to 32 seconds for job step to finish.
srun: Job step aborted: Waiting up to 32 seconds for job step to finish.
Traceback (most recent call last):
  File "/home/ajherman/Graph/chromatic/clique_generator.py", line 224, in <module>
    assert(0)
AssertionError
srun: error: compute033: task 0: Exited with exit code 1
Traceback (most recent call last):
  File "/home/ajherman/Graph/chromatic/clique_generator.py", line 224, in <module>
    assert(0)
AssertionError
srun: error: compute033: task 0: Exited with exit code 1
Traceback (most recent call last):
  File "/home/ajherman/Graph/chromatic/clique_generator.py", line 224, in <module>
    assert(0)
AssertionError
srun: error: compute033: task 0: Exited with exit code 1
Traceback (most recent call last):
  File "/home/ajherman/Graph/chromatic/clique_generator.py", line 224, in <module>
    assert(0)
AssertionError
srun: error: compute033: task 0: Exited with exit code 1
Traceback (most recent call last):
  File "/home/ajherman/Graph/chromatic/clique_generator.py", line 224, in <module>
    assert(0)
AssertionError
srun: error: compute033: task 0: Exited with exit code 1
Traceback (most recent call last):
  File "/home/ajherman/Graph/chromatic/clique_generator.py", line 229, in <module>
    assert(0)
AssertionError
srun: error: compute033: task 0: Exited with exit code 1
Traceback (most recent call last):
  File "/home/ajherman/Graph/chromatic/clique_generator.py", line 229, in <module>
    assert(0)
AssertionError
srun: error: compute033: task 0: Exited with exit code 1
Traceback (most recent call last):
  File "/home/ajherman/Graph/chromatic/clique_generator.py", line 229, in <module>
    assert(0)
AssertionError
srun: error: compute033: task 0: Exited with exit code 1
Traceback (most recent call last):
  File "/home/ajherman/Graph/chromatic/clique_generator.py", line 229, in <module>
    assert(0)
AssertionError
srun: error: compute033: task 0: Exited with exit code 1
Traceback (most recent call last):
  File "/home/ajherman/Graph/chromatic/clique_generator.py", line 229, in <module>
    assert(0)
AssertionError
srun: error: compute033: task 0: Exited with exit code 1
Traceback (most recent call last):
  File "/home/ajherman/Graph/chromatic/clique_generator.py", line 230, in <module>
    assert(0)
AssertionError
srun: error: compute033: task 0: Exited with exit code 1
Traceback (most recent call last):
  File "/home/ajherman/Graph/chromatic/clique_generator.py", line 230, in <module>
    assert(0)
AssertionError
srun: error: compute033: task 0: Exited with exit code 1
Traceback (most recent call last):
  File "/home/ajherman/Graph/chromatic/clique_generator.py", line 230, in <module>
    assert(0)
AssertionError
srun: error: compute033: task 0: Exited with exit code 1
Traceback (most recent call last):
  File "/home/ajherman/Graph/chromatic/clique_generator.py", line 230, in <module>
    assert(0)
AssertionError
srun: error: compute033: task 0: Exited with exit code 1
Traceback (most recent call last):
  File "/home/ajherman/Graph/chromatic/clique_generator.py", line 230, in <module>
    assert(0)
AssertionError
srun: error: compute033: task 0: Exited with exit code 1
srun: Job step aborted: Waiting up to 32 seconds for job step to finish.
slurmstepd: error: *** STEP 6116968.0 ON compute033 CANCELLED AT 2024-10-14T16:38:32 ***
srun: Job step aborted: Waiting up to 32 seconds for job step to finish.
srun: Job step aborted: Waiting up to 32 seconds for job step to finish.
slurmstepd: error: *** STEP 6116970.0 ON compute065 CANCELLED AT 2024-10-14T16:46:05 ***
