Lmod has detected the following error: The following module(s) are unknown:
"openmpi-3.0.1/gcc-9.2.0"

Please check the spelling or version number. Also try "module spider ..."
It is also possible your cache file is out-of-date; it may help to try:
  $ module --ignore_cache load "openmpi-3.0.1/gcc-9.2.0"

Also make sure that all modulefiles written in TCL start with the string
#%Module



Running n= 11, k=1, i=1...
Running n= 11, k=2, i=2...
Running n= 11, k=3, i=3...
Running n= 11, k=4, i=4...
Running n= 11, k=5, i=5...
Running n= 11, k=6, i=6...
Running n= 11, k=7, i=7...
Running n= 11, k=8, i=8...
Running n= 11, k=9, i=9...
Running n= 11, k=10, i=10...
Running n= 11, k=11, i=11...
Running n= 11, k=12, i=12...
Running n= 11, k=13, i=13...
Running n= 11, k=14, i=14...
Running n= 11, k=15, i=15...
Running n= 11, k=16, i=16...
Running n= 11, k=17, i=17...
Running n= 11, k=18, i=18...
Running n= 11, k=19, i=19...
Running n= 11, k=20, i=20...
Running n= 11, k=21, i=21...
Running n= 11, k=22, i=22...
Running n= 11, k=23, i=23...
Running n= 11, k=24, i=24...
Running n= 11, k=25, i=25...
Running n= 11, k=26, i=26...
Running n= 11, k=27, i=27...
Running n= 11, k=28, i=28...
Running n= 11, k=29, i=29...
Running n= 11, k=30, i=30...
Running n= 11, k=31, i=31...
Running n= 11, k=32, i=32...
Running n= 11, k=33, i=33...
Running n= 11, k=34, i=34...
Running n= 11, k=35, i=35...
Running n= 11, k=36, i=36...
Running n= 11, k=37, i=37...
Running n= 11, k=38, i=38...
Running n= 11, k=39, i=39...
Running n= 11, k=40, i=40...
Running n= 11, k=1, i=0...
Running n= 11, k=2, i=1...
Running n= 11, k=3, i=2...
Running n= 11, k=4, i=3...
Running n= 11, k=5, i=4...
Running n= 11, k=6, i=5...
Running n= 11, k=7, i=6...
Running n= 11, k=8, i=7...
Running n= 11, k=9, i=8...
Running n= 11, k=10, i=9...
Running n= 11, k=11, i=10...
Running n= 11, k=12, i=11...
Running n= 11, k=13, i=12...
Running n= 11, k=14, i=13...
Running n= 11, k=15, i=14...
Running n= 11, k=16, i=15...
Running n= 11, k=17, i=16...
Running n= 11, k=18, i=17...
Running n= 11, k=19, i=18...
Running n= 11, k=20, i=19...
Running n= 11, k=21, i=20...
Running n= 11, k=22, i=21...
Running n= 11, k=23, i=22...
Running n= 11, k=24, i=23...
Running n= 11, k=25, i=24...
Running n= 11, k=26, i=25...
Running n= 11, k=27, i=26...
Running n= 11, k=28, i=27...
Running n= 11, k=29, i=28...
Running n= 11, k=30, i=29...
Running n= 11, k=31, i=30...
Running n= 11, k=32, i=31...
Running n= 11, k=33, i=32...
Running n= 11, k=34, i=33...
Running n= 11, k=35, i=34...
Running n= 11, k=36, i=35...
slurmstepd: error: *** JOB 6203470 ON compute066 CANCELLED AT 2025-03-22T11:19:48 ***
